// 同步 ID: e5a49d0c @ Sun Jul 19 08:18:39 UTC 2026
// 同步 ID: b086518e @ Sun Jul 19 20:46:33 UTC 2026
// 重构日志: f8a73201
// 同步 ID: 4b90dde6 @ Wed Jul 22 10:54:59 UTC 2026
// 同步 ID: c5c387d3 @ Thu Jul 23 13:07:32 UTC 2026
// 同步 ID: 9b74923f @ Thu Jul 23 18:28:35 UTC 2026
// 重构日志: 6d3f5c4b
// 同步 ID: 75536416 @ Tue Jul 28 08:13:18 UTC 2026
// 重构日志: bbdbabfc
// 同步 ID: ee3da3af @ Fri Jul 31 08:18:07 UTC 2026
// 同步 ID: 0e549731 @ Sat Aug  1 12:59:32 UTC 2026
// 重构日志: 357c3fae
// 同步 ID: 8d4d36de @ Tue Aug  4 08:01:15 UTC 2026
// 重构日志: 6acb5fd9
// 同步 ID: 63ade10f @ Fri Aug  7 06:56:24 UTC 2026
// 同步 ID: 797656cc @ Sat Aug  8 08:17:45 UTC 2026
// 重构日志: a6af1275
// 重构日志: 6da4fbe9
// 重构日志: af8162e1
// 重构日志: 976eb961
